Compile a package, and pass extra options to the compiler

Usage: cargo-mimic[EXE] rustc [OPTIONS] [args]...

Arguments:
  [args]...  Rustc flags

Options:
  -q, --quiet                    Do not print cargo log messages
      --message-format <FMT>     Error format
  -v, --verbose...               Use verbose output (-vv very verbose/build.rs output)
      --color <WHEN>             Coloring: auto, always, never
      --config <KEY=VALUE>       Override a configuration value (unstable)
  -Z <FLAG>                      Unstable (nightly-only) flags to Cargo, see 'cargo -Z help' for
                                 details
      --ignore-rust-version      Ignore `rust-version` specification in packages
      --bins                     Build all binaries
      --print <INFO>             Output compiler information without compiling
      --crate-type <CRATE-TYPE>  Comma separated list of types of crates for the compiler to emit
      --future-incompat-report   Outputs a future incompatibility report at the end of the build
                                 (unstable)
  -h, --help                     Print help

Compilation Options:
  -j, --jobs <N>                Number of parallel jobs, defaults to # of CPUs
      --keep-going              Do not abort the build as soon as there is an error (unstable)
      --profile <PROFILE-NAME>  Build artifacts with the specified Cargo profile
      --target <TRIPLE>         Build for the target triple [env: CARGO_BUILD_TARGET=]
      --target-dir <DIRECTORY>  Directory for all generated artifacts
      --timings[=<FMTS>...]     Timing output formats (unstable) (comma separated): html, json
  -r, --release                 Build artifacts in release mode, with optimizations
      --unit-graph              Output build graph in JSON (unstable)

Feature Selection:
  -F, --features <FEATURES>  Space or comma separated list of features to activate
      --all-features         Activate all available features
      --no-default-features  Do not activate the `default` feature

Manifest Options:
      --frozen                Require Cargo.lock and cache are up to date
      --locked                Require Cargo.lock is up to date
      --offline               Run without accessing the network
      --manifest-path <PATH>  Path to Cargo.toml

Package Selection:
  -p, --package [<SPEC>]  Package to build (see `cargo help pkgid`)

Target Selection:
      --lib               Build only this package's library
      --bin [<NAME>]      Build only the specified binary
      --example [<NAME>]  Build only the specified example
      --examples          Build all examples
      --test <NAME>       Build only the specified test target
      --tests             Build all tests
      --bench <NAME>      Build only the specified bench target
      --benches           Build all benches
      --all-targets       Build all targets

Run `cargo help rustc` for more detailed information.
