Execute all unit and integration tests and build examples of a local package

Usage: cargo-mimic[EXE] test [OPTIONS] [TESTNAME] [args]...

Arguments:
  [TESTNAME]  If specified, only run tests containing this string in their names
  [args]...   Arguments for the test binary

Options:
  -q, --quiet                   Do not print cargo log messages
      --message-format <FMT>    Error format
  -v, --verbose...              Use verbose output (-vv very verbose/build.rs output)
      --color <WHEN>            Coloring: auto, always, never
      --config <KEY=VALUE>      Override a configuration value (unstable)
  -Z <FLAG>                     Unstable (nightly-only) flags to Cargo, see 'cargo -Z help' for
                                details
      --ignore-rust-version     Ignore `rust-version` specification in packages
      --doc                     Test only this library's documentation
      --no-run                  Compile, but don't run tests
      --no-fail-fast            Run all tests regardless of failure
      --future-incompat-report  Outputs a future incompatibility report at the end of the build
                                (unstable)
  -h, --help                    Print help

Compilation Options:
  -j, --jobs <N>                Number of parallel jobs, defaults to # of CPUs
      --keep-going              Do not abort the build as soon as there is an error (unstable)
      --profile <PROFILE-NAME>  Build artifacts with the specified Cargo profile
      --target <TRIPLE>         Build for the target triple [env: CARGO_BUILD_TARGET=]
      --target-dir <DIRECTORY>  Directory for all generated artifacts
      --timings[=<FMTS>...]     Timing output formats (unstable) (comma separated): html, json
  -r, --release                 Build artifacts in release mode, with optimizations
      --unit-graph              Output build graph in JSON (unstable)

Feature Selection:
  -F, --features <FEATURES>  Space or comma separated list of features to activate
      --all-features         Activate all available features
      --no-default-features  Do not activate the `default` feature

Manifest Options:
      --frozen                Require Cargo.lock and cache are up to date
      --locked                Require Cargo.lock is up to date
      --offline               Run without accessing the network
      --manifest-path <PATH>  Path to Cargo.toml

Package Selection:
  -p, --package [<SPEC>]  Package to build (see `cargo help pkgid`)
      --workspace         Test all packages in the workspace
      --exclude <SPEC>    Exclude packages from the build
      --all               Alias for workspace (deprecated)

Target Selection:
      --lib               Test only this package's library
      --bin [<NAME>]      Test only the specified binary
      --bins              Test all binaries
      --example [<NAME>]  Test only the specified example
      --examples          Test all examples
      --test <NAME>       Test only the specified test target
      --tests             Test all tests
      --bench <NAME>      Test only the specified bench target
      --benches           Test all benches
      --all-targets       Test all targets

Run `cargo help test` for more detailed information.
Run `cargo test -- --help` for test binary options.
